[mestredosafiliados.kpages.online/nova-pagina-319603ff4e.html]
[backblue.gif]
[fade.gif]
[index.html]
[mestredosafiliados.kpages.online/nova-pagina-319603.html]
[static-public.klickpages.com.br/app/assets/stylesheets/publishc0c6.css]
[apis.google.com/js/plus.js]
[apis.google.com/js/plusone.js]
[connect.facebook.net/pt_BR/sdk.js]
[static-public.klickpages.com.br/tmp/zip/919/styles/mainb587.css]
[static-public.klickpages.com.br/uploads/media/file/688996/img_20181229_13061754678591.jpg]
[static-public.klickpages.com.br/app/assets/javascripts/public/js/includec0c6.js]
[static-public.klickpages.com.br/tmp/zip/920/styles/main849a.css]
[static-public.klickpages.com.br/tmp/zip/920/images/bg849a.jpg]
[static-public.klickpages.com.br/tmp/zip/1037/styles/main1048.css]
[static-public.klickpages.com.br/tmp/zip/1037/images/ico/play1048.png]
[mestredosafiliados.kpages.online/nova-pagina-3196030ca0.html]
[static-public.klickpages.com.br/tmp/zip/1037/images/upload/thumb-011048.jpg]
[static-public.klickpages.com.br/tmp/zip/1037/images/upload/thumb-021048.jpg]
[static-public.klickpages.com.br/tmp/zip/1037/images/upload/thumb-031048.jpg]
[static-public.klickpages.com.br/tmp/zip/921/styles/main6404.css]
[static-public.klickpages.com.br/tmp/zip/922/styles/main6a31.css]
[static-public.klickpages.com.br/tmp/zip/922/images/bg6a31.jpg]
[static-public.klickpages.com.br/tmp/zip/923/styles/main4c87.css]
[static-public.klickpages.com.br/uploads/media/file/688969/img_20181229_1329337918180.jpg]
[static-public.klickpages.com.br/uploads/media/file/711107/screenshot_20190116-120352.png]
[static-public.klickpages.com.br/tmp/zip/924/styles/maine7d5.css]
[static-public.klickpages.com.br/tmp/zip/924/images/bge7d5.jpg]
[static-public.klickpages.com.br/uploads/media/file/688986/img-20181108-wa0001.jpg]
[static-public.klickpages.com.br/tmp/zip/924/images/upload/preview-02e7d5.jpg]
[static-public.klickpages.com.br/uploads/media/file/688984/49412_i.jpg]
[static-public.klickpages.com.br/tmp/zip/925/styles/mainee72.css]
[static-public.klickpages.com.br/tmp/zip/926/styles/main0884.css]
[static-public.klickpages.com.br/tmp/zip/926/images/garantia0884.png]
[static-public.klickpages.com.br/tmp/zip/927/styles/mainffcc.css]
[static-public.klickpages.com.br/tmp/zip/689/styles/main9035.css]
[static-public.klickpages.com.br/uploads/media/file/692313/20181229_085722_0001.png]
[static-public.klickpages.com.br/tmp/zip/928/styles/mainf19b.css]
[static-public.klickpages.com.br/app/assets/stylesheets/made_withc0c6.css]
[static-public.klickpages.com.br/app/assets/images/logos/klickpagesc0c6.png]
[static-public.klickpages.com.br/app/assets/javascripts/public/js/body/endc0c6.js]
[static-public.klickpages.com.br/app/assets/javascripts/libs/libsc0c6.js]
[mestredosafiliados.kpages.online/nova-pagina-319603ff4e.html]
[mestredosafiliados.kpages.online/nova-pagina-319603.html]
[static-public.klickpages.com.br/app/assets/stylesheets/fancybox_sprite.png]
[static-public.klickpages.com.br/app/assets/stylesheets/fancybox_loading.gif]
[static-public.klickpages.com.br/app/assets/stylesheets/blank.gif]
[static-public.klickpages.com.br/app/assets/stylesheets/fancybox_overlay.png]
[static-public.klickpages.com.br/app/assets/stylesheets/fancybox_sprite@2x.png]
[static-public.klickpages.com.br/app/assets/stylesheets/fancybox_loading@2x.gif]
[static-public.klickpages.com.br/app/assets/stylesheets/images/bx_loader.gif]
[static-public.klickpages.com.br/app/assets/stylesheets/images/controls.png]
[static-public.klickpages.com.br/app/assets/stylesheets/launchblog/error-video.svg]
[static-public.klickpages.com.br/app/assets/stylesheets/launchblog/error-protection.svg]
[static-public.klickpages.com.br/app/assets/stylesheets/publishc0c6.css]
[connect.facebook.net/pt_BR/sdk.js]
[static-public.klickpages.com.br/app/assets/javascripts/public/js/body/beginc0c6.js]
[static-public.klickpages.com.br/tmp/zip/919/styles/mainb587.css]
[static-public.klickpages.com.br/tmp/zip/920/styles/main849a.css]
[static-public.klickpages.com.br/tmp/zip/1037/styles/main1048.css]
[mestredosafiliados.kpages.online/nova-pagina-3196030ca0.html]
[static-public.klickpages.com.br/tmp/zip/921/styles/main6404.css]
[static-public.klickpages.com.br/app/assets/stylesheets/launchblog/error-sale.svg]
[static-public.klickpages.com.br/tmp/zip/922/images/ico/play6a31.png]
[static-public.klickpages.com.br/tmp/zip/922/styles/main6a31.css]
[static-public.klickpages.com.br/tmp/zip/923/styles/main4c87.css]
[static-public.klickpages.com.br/tmp/zip/924/images/ico/playe7d5.png]
[static-public.klickpages.com.br/tmp/zip/924/styles/maine7d5.css]
[static-public.klickpages.com.br/tmp/zip/925/images/misc/dropdownee72.png]
[static-public.klickpages.com.br/tmp/zip/925/styles/mainee72.css]
[static-public.klickpages.com.br/tmp/zip/926/styles/main0884.css]
[static-public.klickpages.com.br/tmp/zip/927/styles/mainffcc.css]
[static-public.klickpages.com.br/tmp/zip/689/styles/main9035.css]
[static-public.klickpages.com.br/tmp/zip/928/styles/mainf19b.css]
[static-public.klickpages.com.br/app/assets/stylesheets/made_withc0c6.css]
[static-public.klickpages.com.br/app/assets/stylesheets/fancybox_sprite.png]
[static-public.klickpages.com.br/app/assets/stylesheets/fancybox_loading.gif]
[static-public.klickpages.com.br/app/assets/stylesheets/blank.gif]
[static-public.klickpages.com.br/app/assets/stylesheets/fancybox_overlay.png]
[static-public.klickpages.com.br/app/assets/stylesheets/fancybox_sprite@2x.png]
[static-public.klickpages.com.br/app/assets/stylesheets/fancybox_loading@2x.gif]
[static-public.klickpages.com.br/app/assets/stylesheets/images/bx_loader.gif]
[static-public.klickpages.com.br/app/assets/stylesheets/images/controls.png]
[static-public.klickpages.com.br/app/assets/stylesheets/logos/logo-kp-white.html]
[static-public.klickpages.com.br/app/assets/stylesheets/launchblog/error-video.svg]
[static-public.klickpages.com.br/app/assets/stylesheets/launchblog/error-protection.svg]
[static-public.klickpages.com.br/app/assets/stylesheets/launchblog/error-sale.svg]
